$ pwd
/home/ccuser/workspace/athletica
$ ls -a
.          badminton.txt   equipment.txt  gymnastics.txt  roster.txt
..         basketball.txt  football.txt   hockey.txt      swimming.txt
.DS_Store  cricket.txt     games.txt      lacrosse.txt    tennis.txt
$ ls -alt
total 56
drwxr-xr-x 3 ccuser ccuser   39 Oct 29 01:53 ..
-rw-r--r-- 1 ccuser ccuser   97 Mar  8  2016 basketball.txt
-rw-r--r-- 1 ccuser ccuser  160 Mar  8  2016 tennis.txt
-rw-r--r-- 1 ccuser ccuser   69 Mar  8  2016 swimming.txt
-rw-r--r-- 1 ccuser ccuser  605 Mar  8  2016 roster.txt
-rw-r--r-- 1 ccuser ccuser  159 Mar  8  2016 lacrosse.txt
-rw-r--r-- 1 ccuser ccuser  163 Mar  8  2016 hockey.txt
-rw-r--r-- 1 ccuser ccuser  130 Mar  8  2016 gymnastics.txt
-rw-r--r-- 1 ccuser ccuser  393 Mar  8  2016 games.txt
-rw-r--r-- 1 ccuser ccuser  117 Mar  8  2016 football.txt
-rw-r--r-- 1 ccuser ccuser  161 Mar  8  2016 cricket.txt
-rw-r--r-- 1 ccuser ccuser  304 Mar  8  2016 equipment.txt
-rw-r--r-- 1 ccuser ccuser  102 Mar  8  2016 badminton.txt
drwxr-xr-x 2 ccuser ccuser  259 Mar  5  2016 .
-rw-r--r-- 1 ccuser ccuser 6148 Mar  5  2016 .DS_Store
$ cat basketball.txt
Basketball is a sport played by two teams of five players on a rectangular court. Src: Wikiped
ia
$ cat hockey.txt
Hockey is a family of sports in which two teams play against each other by trying to maneuver
a ball into the opponent's goal using a hockey stick. Src: Wikipedia
$ cat basketball.txt > hockey.txt
$ cat hockey.txt
Basketball is a sport played by two teams of five players on a rectangular court. Src: Wikiped
ia
$ cat lacrosse.txt
Lacrosse is a contact team sport played between two teams using a small rubber ball and a long
-handled stick called a crosse or lacrosse stick. Src: Wikipedia
$ cat lacrosse.txt >> tennis.txt
$ cat < gymnastics.txt
Gymnastics is a sport involving the performance of exercises requiring strength, flexibility,
balance and control. Src: Wikipedia
$ cat lacrosse.txt | wc
      1      27     159
$ cat equipment.txt
baseball
shuttlecock
shuttlecock
helmet
football
cleats
cleats
cleats
tennis ball
baseball bat
lacrosse stick
hockey stick
hockey stick
hockey stick
tennis racket
cricket bat
cricket bat
cricket bat
goggles
googles
swimming cap
lacrosse ball
hockey puck
sneakers
sneakers
skates
skates
skates
shinguards
$ cat sort equipment.txt
cat: sort: No such file or directory
baseball
shuttlecock
shuttlecock
helmet
football
cleats
cleats
cleats
tennis ball
baseball bat
lacrosse stick
hockey stick
hockey stick
hockey stick
tennis racket
cricket bat
cricket bat
cricket bat
goggles
googles
swimming cap
lacrosse ball
hockey puck
sneakers
sneakers
skates
skates
skates
shinguards
$ cat sort equipment.txt uniq
cat: sort: No such file or directory
baseball
shuttlecock
shuttlecock
helmet
football
cleats
cleats
cleats
tennis ball
baseball bat
lacrosse stick
hockey stick
hockey stick
hockey stick
tennis racket
cricket bat
cricket bat
cricket bat
goggles
googles
swimming cap
lacrosse ball
hockey puck
sneakers
sneakers
skates
skates
skates
shinguards
cat: uniq: No such file or directory
$ cat sort equipment.txt | uniq
cat: sort: No such file or directory
baseball
shuttlecock
helmet
football
cleats
tennis ball
baseball bat
lacrosse stick
hockey stick
tennis racket
cricket bat
goggles
googles
swimming cap
lacrosse ball
hockey puck
sneakers
skates
shinguards
$ grep -i Japan roster.txt
Yuki Hayashi, Swimming: Japan
Misako Sato, Gymnastics: Japan
Takumi Fujiwara, Basketball: Japan
Toshi Ogawa, Badminton: Japan
$ grep -R player .
./basketball.txt:Basketball is a sport played by two teams of five players on a rectangular co
urt. Src: Wikipedia
./cricket.txt:Cricket is a bat-and-ball game played between two teams of 11 players each on a
field at the centre of which is a rectangular 22-yard-long pitch. Src: Wikipedia
./hockey.txt:Basketball is a sport played by two teams of five players on a rectangular court.
 Src: Wikipedia
./tennis.txt:Tennis is a racket sport that can be played individually against a single opponen
t (singles) or between two teams of two players each (doubles). Src: Wikipedia
$ cat games.txt
Australia vs United Kingdom
Australia: loss

United States vs South Africa
United States: loss

Mexico vs Colombia
Colombia: loss

Brazil vs Argentina
Brazil: loss

Kenya vs Ghana
Kenya: loss

Jordan vs Morocco
Morocco: loss
Malaysia vs Singapore
Singapore: loss

India vs China
India: loss

Pakistan vs Uzbekistan
Uzbekistan: loss

Greece vs Turkey
Greece: loss

France vs Spain
France: loss$
$ sed 's/loss/win'
sed: -e expression #1, char 10: unterminated `s' command
$ sed 's/loss/win/' games.txt
Australia vs United Kingdom
Australia: win

United States vs South Africa
United States: win

Mexico vs Colombia
Colombia: win

Brazil vs Argentina
Kenya vs Ghana
Kenya: win

Jordan vs Morocco
Morocco: win

Malaysia vs Singapore
Singapore: win

India vs China
India: win

Pakistan vs Uzbekistan
Uzbekistan: win

Greece vs Turkey
Greece: win

France vs Spain
France: win
